// Vitest Snapshot v1, https://vitest.dev/guide/snapshot.html

exports[`MovieTable > Snapshot 1`] = `
<DocumentFragment>
  <div
    class="MuiBox-root css-8atqhb"
  >
    <div
      class="MuiPaper-root MuiPaper-elevation MuiPaper-rounded MuiPaper-elevation1 css-1mxz8qt-MuiPaper-root"
    >
      <div
        class="MuiToolbar-root MuiToolbar-gutters MuiToolbar-regular css-pjjt8i-MuiToolbar-root"
      >
        <div
          class="MuiTypography-root MuiTypography-h3 css-o5bbo5-MuiTypography-root"
          id="tableTitle"
        >
          TOP 25 MOVIES EVER
        </div>
        <button
          aria-label="Delete"
          class="MuiButtonBase-root MuiIconButton-root MuiIconButton-sizeMedium css-78trlr-MuiButtonBase-root-MuiIconButton-root"
          data-mui-internal-clone-element="true"
          tabindex="0"
          type="button"
        >
          <svg
            aria-hidden="true"
            class="MuiSvgIcon-root MuiSvgIcon-fontSizeMedium css-i4bv87-MuiSvgIcon-root"
            data-testid="DeleteIcon"
            focusable="false"
            viewBox="0 0 24 24"
          >
            <path
              d="M6 19c0 1.1.9 2 2 2h8c1.1 0 2-.9 2-2V7H6zM19 4h-3.5l-1-1h-5l-1 1H5v2h14z"
            />
          </svg>
          <span
            class="MuiTouchRipple-root css-8je8zh-MuiTouchRipple-root"
          />
        </button>
      </div>
      <div
        class="MuiTableContainer-root css-rorn0c-MuiTableContainer-root"
      >
        <table
          aria-labelledby="tableTitle"
          class="MuiTable-root css-1gplja-MuiTable-root"
        >
          <thead
            class="MuiTableHead-root css-15wwp11-MuiTableHead-root"
          >
            <tr
              class="MuiTableRow-root MuiTableRow-head css-1q1u3t4-MuiTableRow-root"
            >
              <th
                class="MuiTableCell-root MuiTableCell-head MuiTableCell-paddingCheckbox MuiTableCell-sizeMedium css-hbtnrh-MuiTableCell-root"
                scope="col"
              >
                <span
                  class="MuiButtonBase-root MuiCheckbox-root MuiCheckbox-indeterminate MuiCheckbox-colorPrimary MuiCheckbox-sizeMedium PrivateSwitchBase-root MuiCheckbox-root MuiCheckbox-indeterminate MuiCheckbox-colorPrimary MuiCheckbox-sizeMedium MuiCheckbox-root MuiCheckbox-indeterminate MuiCheckbox-colorPrimary MuiCheckbox-sizeMedium css-12wnr2w-MuiButtonBase-root-MuiCheckbox-root"
                >
                  <input
                    aria-label="select all desserts"
                    class="PrivateSwitchBase-input css-1m9pwf3"
                    data-indeterminate="true"
                    type="checkbox"
                  />
                  <svg
                    aria-hidden="true"
                    class="MuiSvgIcon-root MuiSvgIcon-fontSizeMedium css-i4bv87-MuiSvgIcon-root"
                    data-testid="IndeterminateCheckBoxIcon"
                    focusable="false"
                    viewBox="0 0 24 24"
                  >
                    <path
                      d="M19 3H5c-1.1 0-2 .9-2 2v14c0 1.1.9 2 2 2h14c1.1 0 2-.9 2-2V5c0-1.1-.9-2-2-2zm-2 10H7v-2h10v2z"
                    />
                  </svg>
                  <span
                    class="MuiTouchRipple-root css-8je8zh-MuiTouchRipple-root"
                  />
                </span>
              </th>
              <th
                class="MuiTableCell-root MuiTableCell-head MuiTableCell-alignLeft MuiTableCell-paddingNone MuiTableCell-sizeMedium css-10dfkli-MuiTableCell-root"
                scope="col"
              >
                <span
                  class="MuiButtonBase-root MuiTableSortLabel-root css-1qgma8u-MuiButtonBase-root-MuiTableSortLabel-root"
                  role="button"
                  tabindex="0"
                >
                  TITLE
                  <svg
                    aria-hidden="true"
                    class="MuiSvgIcon-root MuiSvgIcon-fontSizeMedium MuiTableSortLabel-icon MuiTableSortLabel-iconDirectionAsc css-1vweko9-MuiSvgIcon-root-MuiTableSortLabel-icon"
                    data-testid="ArrowDownwardIcon"
                    focusable="false"
                    viewBox="0 0 24 24"
                  >
                    <path
                      d="M20 12l-1.41-1.41L13 16.17V4h-2v12.17l-5.58-5.59L4 12l8 8 8-8z"
                    />
                  </svg>
                </span>
              </th>
              <th
                class="MuiTableCell-root MuiTableCell-head MuiTableCell-alignRight MuiTableCell-sizeMedium css-1azl6jz-MuiTableCell-root"
                scope="col"
              >
                <span
                  class="MuiButtonBase-root MuiTableSortLabel-root css-1qgma8u-MuiButtonBase-root-MuiTableSortLabel-root"
                  role="button"
                  tabindex="0"
                >
                  RATING
                  <svg
                    aria-hidden="true"
                    class="MuiSvgIcon-root MuiSvgIcon-fontSizeMedium MuiTableSortLabel-icon MuiTableSortLabel-iconDirectionAsc css-1vweko9-MuiSvgIcon-root-MuiTableSortLabel-icon"
                    data-testid="ArrowDownwardIcon"
                    focusable="false"
                    viewBox="0 0 24 24"
                  >
                    <path
                      d="M20 12l-1.41-1.41L13 16.17V4h-2v12.17l-5.58-5.59L4 12l8 8 8-8z"
                    />
                  </svg>
                </span>
              </th>
              <th
                class="MuiTableCell-root MuiTableCell-head MuiTableCell-alignRight MuiTableCell-sizeMedium css-1azl6jz-MuiTableCell-root"
                scope="col"
              >
                <span
                  class="MuiButtonBase-root MuiTableSortLabel-root css-1qgma8u-MuiButtonBase-root-MuiTableSortLabel-root"
                  role="button"
                  tabindex="0"
                >
                  TIMELINE
                  <svg
                    aria-hidden="true"
                    class="MuiSvgIcon-root MuiSvgIcon-fontSizeMedium MuiTableSortLabel-icon MuiTableSortLabel-iconDirectionAsc css-1vweko9-MuiSvgIcon-root-MuiTableSortLabel-icon"
                    data-testid="ArrowDownwardIcon"
                    focusable="false"
                    viewBox="0 0 24 24"
                  >
                    <path
                      d="M20 12l-1.41-1.41L13 16.17V4h-2v12.17l-5.58-5.59L4 12l8 8 8-8z"
                    />
                  </svg>
                </span>
              </th>
              <th
                class="MuiTableCell-root MuiTableCell-head MuiTableCell-alignRight MuiTableCell-sizeMedium css-1azl6jz-MuiTableCell-root"
                scope="col"
              >
                <span
                  class="MuiButtonBase-root MuiTableSortLabel-root css-1qgma8u-MuiButtonBase-root-MuiTableSortLabel-root"
                  role="button"
                  tabindex="0"
                >
                  YEAR
                  <svg
                    aria-hidden="true"
                    class="MuiSvgIcon-root MuiSvgIcon-fontSizeMedium MuiTableSortLabel-icon MuiTableSortLabel-iconDirectionAsc css-1vweko9-MuiSvgIcon-root-MuiTableSortLabel-icon"
                    data-testid="ArrowDownwardIcon"
                    focusable="false"
                    viewBox="0 0 24 24"
                  >
                    <path
                      d="M20 12l-1.41-1.41L13 16.17V4h-2v12.17l-5.58-5.59L4 12l8 8 8-8z"
                    />
                  </svg>
                </span>
              </th>
            </tr>
          </thead>
          <tbody
            class="MuiTableBody-root css-apqrd9-MuiTableBody-root"
          >
            <tr
              aria-checked="false"
              class="MuiTableRow-root MuiTableRow-hover css-10cbwbc-MuiTableRow-root"
              role="checkbox"
              tabindex="-1"
            >
              <td
                class="MuiTableCell-root MuiTableCell-body MuiTableCell-paddingCheckbox MuiTableCell-sizeMedium css-1nf681w-MuiTableCell-root"
              >
                <span
                  class="MuiButtonBase-root MuiCheckbox-root MuiCheckbox-colorPrimary MuiCheckbox-sizeMedium PrivateSwitchBase-root MuiCheckbox-root MuiCheckbox-colorPrimary MuiCheckbox-sizeMedium MuiCheckbox-root MuiCheckbox-colorPrimary MuiCheckbox-sizeMedium css-12wnr2w-MuiButtonBase-root-MuiCheckbox-root"
                >
                  <input
                    aria-labelledby="table-checkbox-0"
                    class="PrivateSwitchBase-input css-1m9pwf3"
                    data-indeterminate="false"
                    type="checkbox"
                  />
                  <svg
                    aria-hidden="true"
                    class="MuiSvgIcon-root MuiSvgIcon-fontSizeMedium css-i4bv87-MuiSvgIcon-root"
                    data-testid="CheckBoxOutlineBlankIcon"
                    focusable="false"
                    viewBox="0 0 24 24"
                  >
                    <path
                      d="M19 5v14H5V5h14m0-2H5c-1.1 0-2 .9-2 2v14c0 1.1.9 2 2 2h14c1.1 0 2-.9 2-2V5c0-1.1-.9-2-2-2z"
                    />
                  </svg>
                  <span
                    class="MuiTouchRipple-root css-8je8zh-MuiTouchRipple-root"
                  />
                </span>
              </td>
              <th
                class="MuiTableCell-root MuiTableCell-body MuiTableCell-paddingNone MuiTableCell-sizeMedium css-11w94w9-MuiTableCell-root"
                id="table-checkbox-0"
                scope="row"
              >
                The Exorcist
              </th>
              <td
                class="MuiTableCell-root MuiTableCell-body MuiTableCell-alignRight MuiTableCell-sizeMedium css-177gid-MuiTableCell-root"
              >
                8.1Â (452K)
              </td>
              <td
                class="MuiTableCell-root MuiTableCell-body MuiTableCell-alignRight MuiTableCell-sizeMedium css-177gid-MuiTableCell-root"
              >
                2h 2m
              </td>
              <td
                class="MuiTableCell-root MuiTableCell-body MuiTableCell-alignRight MuiTableCell-sizeMedium css-177gid-MuiTableCell-root"
              >
                1973
              </td>
            </tr>
            <tr
              aria-checked="true"
              class="MuiTableRow-root Mui-selected MuiTableRow-hover css-10cbwbc-MuiTableRow-root"
              role="checkbox"
              tabindex="-1"
            >
              <td
                class="MuiTableCell-root MuiTableCell-body MuiTableCell-paddingCheckbox MuiTableCell-sizeMedium css-1nf681w-MuiTableCell-root"
              >
                <span
                  class="MuiButtonBase-root MuiCheckbox-root MuiCheckbox-colorPrimary MuiCheckbox-sizeMedium PrivateSwitchBase-root MuiCheckbox-root MuiCheckbox-colorPrimary MuiCheckbox-sizeMedium Mui-checked MuiCheckbox-root MuiCheckbox-colorPrimary MuiCheckbox-sizeMedium css-12wnr2w-MuiButtonBase-root-MuiCheckbox-root"
                >
                  <input
                    aria-labelledby="table-checkbox-1"
                    checked=""
                    class="PrivateSwitchBase-input css-1m9pwf3"
                    data-indeterminate="false"
                    type="checkbox"
                  />
                  <svg
                    aria-hidden="true"
                    class="MuiSvgIcon-root MuiSvgIcon-fontSizeMedium css-i4bv87-MuiSvgIcon-root"
                    data-testid="CheckBoxIcon"
                    focusable="false"
                    viewBox="0 0 24 24"
                  >
                    <path
                      d="M19 3H5c-1.11 0-2 .9-2 2v14c0 1.1.89 2 2 2h14c1.11 0 2-.9 2-2V5c0-1.1-.89-2-2-2zm-9 14l-5-5 1.41-1.41L10 14.17l7.59-7.59L19 8l-9 9z"
                    />
                  </svg>
                  <span
                    class="MuiTouchRipple-root css-8je8zh-MuiTouchRipple-root"
                  />
                </span>
              </td>
              <th
                class="MuiTableCell-root MuiTableCell-body MuiTableCell-paddingNone MuiTableCell-sizeMedium css-11w94w9-MuiTableCell-root"
                id="table-checkbox-1"
                scope="row"
              >
                Pirates of the Caribbean: The Curse of the Black Pearl
              </th>
              <td
                class="MuiTableCell-root MuiTableCell-body MuiTableCell-alignRight MuiTableCell-sizeMedium css-177gid-MuiTableCell-root"
              >
                8.1Â (1.2M)
              </td>
              <td
                class="MuiTableCell-root MuiTableCell-body MuiTableCell-alignRight MuiTableCell-sizeMedium css-177gid-MuiTableCell-root"
              >
                2h 23m
              </td>
              <td
                class="MuiTableCell-root MuiTableCell-body MuiTableCell-alignRight MuiTableCell-sizeMedium css-177gid-MuiTableCell-root"
              >
                2003
              </td>
            </tr>
            <tr
              aria-checked="false"
              class="MuiTableRow-root MuiTableRow-hover css-10cbwbc-MuiTableRow-root"
              role="checkbox"
              tabindex="-1"
            >
              <td
                class="MuiTableCell-root MuiTableCell-body MuiTableCell-paddingCheckbox MuiTableCell-sizeMedium css-1nf681w-MuiTableCell-root"
              >
                <span
                  class="MuiButtonBase-root MuiCheckbox-root MuiCheckbox-colorPrimary MuiCheckbox-sizeMedium PrivateSwitchBase-root MuiCheckbox-root MuiCheckbox-colorPrimary MuiCheckbox-sizeMedium MuiCheckbox-root MuiCheckbox-colorPrimary MuiCheckbox-sizeMedium css-12wnr2w-MuiButtonBase-root-MuiCheckbox-root"
                >
                  <input
                    aria-labelledby="table-checkbox-2"
                    class="PrivateSwitchBase-input css-1m9pwf3"
                    data-indeterminate="false"
                    type="checkbox"
                  />
                  <svg
                    aria-hidden="true"
                    class="MuiSvgIcon-root MuiSvgIcon-fontSizeMedium css-i4bv87-MuiSvgIcon-root"
                    data-testid="CheckBoxOutlineBlankIcon"
                    focusable="false"
                    viewBox="0 0 24 24"
                  >
                    <path
                      d="M19 5v14H5V5h14m0-2H5c-1.1 0-2 .9-2 2v14c0 1.1.9 2 2 2h14c1.1 0 2-.9 2-2V5c0-1.1-.9-2-2-2z"
                    />
                  </svg>
                  <span
                    class="MuiTouchRipple-root css-8je8zh-MuiTouchRipple-root"
                  />
                </span>
              </td>
              <th
                class="MuiTableCell-root MuiTableCell-body MuiTableCell-paddingNone MuiTableCell-sizeMedium css-11w94w9-MuiTableCell-root"
                id="table-checkbox-2"
                scope="row"
              >
                Rush
              </th>
              <td
                class="MuiTableCell-root MuiTableCell-body MuiTableCell-alignRight MuiTableCell-sizeMedium css-177gid-MuiTableCell-root"
              >
                8.1Â (511K)
              </td>
              <td
                class="MuiTableCell-root MuiTableCell-body MuiTableCell-alignRight MuiTableCell-sizeMedium css-177gid-MuiTableCell-root"
              >
                2h 3m
              </td>
              <td
                class="MuiTableCell-root MuiTableCell-body MuiTableCell-alignRight MuiTableCell-sizeMedium css-177gid-MuiTableCell-root"
              >
                2013
              </td>
            </tr>
            <tr
              aria-checked="false"
              class="MuiTableRow-root MuiTableRow-hover css-10cbwbc-MuiTableRow-root"
              role="checkbox"
              tabindex="-1"
            >
              <td
                class="MuiTableCell-root MuiTableCell-body MuiTableCell-paddingCheckbox MuiTableCell-sizeMedium css-1nf681w-MuiTableCell-root"
              >
                <span
                  class="MuiButtonBase-root MuiCheckbox-root MuiCheckbox-colorPrimary MuiCheckbox-sizeMedium PrivateSwitchBase-root MuiCheckbox-root MuiCheckbox-colorPrimary MuiCheckbox-sizeMedium MuiCheckbox-root MuiCheckbox-colorPrimary MuiCheckbox-sizeMedium css-12wnr2w-MuiButtonBase-root-MuiCheckbox-root"
                >
                  <input
                    aria-labelledby="table-checkbox-3"
                    class="PrivateSwitchBase-input css-1m9pwf3"
                    data-indeterminate="false"
                    type="checkbox"
                  />
                  <svg
                    aria-hidden="true"
                    class="MuiSvgIcon-root MuiSvgIcon-fontSizeMedium css-i4bv87-MuiSvgIcon-root"
                    data-testid="CheckBoxOutlineBlankIcon"
                    focusable="false"
                    viewBox="0 0 24 24"
                  >
                    <path
                      d="M19 5v14H5V5h14m0-2H5c-1.1 0-2 .9-2 2v14c0 1.1.9 2 2 2h14c1.1 0 2-.9 2-2V5c0-1.1-.9-2-2-2z"
                    />
                  </svg>
                  <span
                    class="MuiTouchRipple-root css-8je8zh-MuiTouchRipple-root"
                  />
                </span>
              </td>
              <th
                class="MuiTableCell-root MuiTableCell-body MuiTableCell-paddingNone MuiTableCell-sizeMedium css-11w94w9-MuiTableCell-root"
                id="table-checkbox-3"
                scope="row"
              >
                Network
              </th>
              <td
                class="MuiTableCell-root MuiTableCell-body MuiTableCell-alignRight MuiTableCell-sizeMedium css-177gid-MuiTableCell-root"
              >
                8.1Â (170K)
              </td>
              <td
                class="MuiTableCell-root MuiTableCell-body MuiTableCell-alignRight MuiTableCell-sizeMedium css-177gid-MuiTableCell-root"
              >
                2h 1m
              </td>
              <td
                class="MuiTableCell-root MuiTableCell-body MuiTableCell-alignRight MuiTableCell-sizeMedium css-177gid-MuiTableCell-root"
              >
                1976
              </td>
            </tr>
            <tr
              aria-checked="false"
              class="MuiTableRow-root MuiTableRow-hover css-10cbwbc-MuiTableRow-root"
              role="checkbox"
              tabindex="-1"
            >
              <td
                class="MuiTableCell-root MuiTableCell-body MuiTableCell-paddingCheckbox MuiTableCell-sizeMedium css-1nf681w-MuiTableCell-root"
              >
                <span
                  class="MuiButtonBase-root MuiCheckbox-root MuiCheckbox-colorPrimary MuiCheckbox-sizeMedium PrivateSwitchBase-root MuiCheckbox-root MuiCheckbox-colorPrimary MuiCheckbox-sizeMedium MuiCheckbox-root MuiCheckbox-colorPrimary MuiCheckbox-sizeMedium css-12wnr2w-MuiButtonBase-root-MuiCheckbox-root"
                >
                  <input
                    aria-labelledby="table-checkbox-4"
                    class="PrivateSwitchBase-input css-1m9pwf3"
                    data-indeterminate="false"
                    type="checkbox"
                  />
                  <svg
                    aria-hidden="true"
                    class="MuiSvgIcon-root MuiSvgIcon-fontSizeMedium css-i4bv87-MuiSvgIcon-root"
                    data-testid="CheckBoxOutlineBlankIcon"
                    focusable="false"
                    viewBox="0 0 24 24"
                  >
                    <path
                      d="M19 5v14H5V5h14m0-2H5c-1.1 0-2 .9-2 2v14c0 1.1.9 2 2 2h14c1.1 0 2-.9 2-2V5c0-1.1-.9-2-2-2z"
                    />
                  </svg>
                  <span
                    class="MuiTouchRipple-root css-8je8zh-MuiTouchRipple-root"
                  />
                </span>
              </td>
              <th
                class="MuiTableCell-root MuiTableCell-body MuiTableCell-paddingNone MuiTableCell-sizeMedium css-11w94w9-MuiTableCell-root"
                id="table-checkbox-4"
                scope="row"
              >
                Stand by Me
              </th>
              <td
                class="MuiTableCell-root MuiTableCell-body MuiTableCell-alignRight MuiTableCell-sizeMedium css-177gid-MuiTableCell-root"
              >
                8.1Â (439K)
              </td>
              <td
                class="MuiTableCell-root MuiTableCell-body MuiTableCell-alignRight MuiTableCell-sizeMedium css-177gid-MuiTableCell-root"
              >
                1h 29m
              </td>
              <td
                class="MuiTableCell-root MuiTableCell-body MuiTableCell-alignRight MuiTableCell-sizeMedium css-177gid-MuiTableCell-root"
              >
                1986
              </td>
            </tr>
          </tbody>
        </table>
      </div>
      <div
        class="MuiTablePagination-root css-jtlhu6-MuiTablePagination-root"
      >
        <div
          class="MuiToolbar-root MuiToolbar-gutters MuiToolbar-regular MuiTablePagination-toolbar css-78c6dr-MuiToolbar-root-MuiTablePagination-toolbar"
        >
          <div
            class="MuiTablePagination-spacer css-1psng7p-MuiTablePagination-spacer"
          />
          <p
            class="MuiTablePagination-selectLabel css-pdct74-MuiTablePagination-selectLabel"
            id="mui-4"
          >
            Rows per page:
          </p>
          <div
            class="MuiInputBase-root MuiInputBase-colorPrimary MuiTablePagination-input css-16c50h-MuiInputBase-root-MuiTablePagination-select"
          >
            <div
              aria-controls="mui-2"
              aria-expanded="false"
              aria-haspopup="listbox"
              aria-labelledby="mui-4 mui-3"
              class="MuiSelect-select MuiTablePagination-select MuiSelect-standard MuiInputBase-input css-194a1fa-MuiSelect-select-MuiInputBase-input"
              id="mui-3"
              role="combobox"
              tabindex="0"
            >
              5
            </div>
            <input
              aria-hidden="true"
              aria-invalid="false"
              class="MuiSelect-nativeInput css-yf8vq0-MuiSelect-nativeInput"
              tabindex="-1"
              value="5"
            />
            <svg
              aria-hidden="true"
              class="MuiSvgIcon-root MuiSvgIcon-fontSizeMedium MuiSelect-icon MuiTablePagination-selectIcon MuiSelect-iconStandard css-pqjvzy-MuiSvgIcon-root-MuiSelect-icon"
              data-testid="ArrowDropDownIcon"
              focusable="false"
              viewBox="0 0 24 24"
            >
              <path
                d="M7 10l5 5 5-5z"
              />
            </svg>
          </div>
          <p
            class="MuiTablePagination-displayedRows css-levciy-MuiTablePagination-displayedRows"
          >
            1â5 of 25
          </p>
          <div
            class="MuiTablePagination-actions"
          >
            <button
              aria-label="Go to previous page"
              class="MuiButtonBase-root Mui-disabled MuiIconButton-root Mui-disabled MuiIconButton-colorInherit MuiIconButton-sizeMedium css-zylse7-MuiButtonBase-root-MuiIconButton-root"
              disabled=""
              tabindex="-1"
              title="Go to previous page"
              type="button"
            >
              <svg
                aria-hidden="true"
                class="MuiSvgIcon-root MuiSvgIcon-fontSizeMedium css-i4bv87-MuiSvgIcon-root"
                data-testid="KeyboardArrowLeftIcon"
                focusable="false"
                viewBox="0 0 24 24"
              >
                <path
                  d="M15.41 16.09l-4.58-4.59 4.58-4.59L14 5.5l-6 6 6 6z"
                />
              </svg>
            </button>
            <button
              aria-label="Go to next page"
              class="MuiButtonBase-root MuiIconButton-root MuiIconButton-colorInherit MuiIconButton-sizeMedium css-zylse7-MuiButtonBase-root-MuiIconButton-root"
              tabindex="0"
              title="Go to next page"
              type="button"
            >
              <svg
                aria-hidden="true"
                class="MuiSvgIcon-root MuiSvgIcon-fontSizeMedium css-i4bv87-MuiSvgIcon-root"
                data-testid="KeyboardArrowRightIcon"
                focusable="false"
                viewBox="0 0 24 24"
              >
                <path
                  d="M8.59 16.34l4.58-4.59-4.58-4.59L10 5.75l6 6-6 6z"
                />
              </svg>
              <span
                class="MuiTouchRipple-root css-8je8zh-MuiTouchRipple-root"
              />
            </button>
          </div>
        </div>
      </div>
    </div>
  </div>
  <h1>
    ALL Movies:
  </h1>
  <h2>
    The Exorcist
  </h2>
  <h2>
    Pirates of the Caribbean: The Curse of the Black Pearl
  </h2>
  <h2>
    Rush
  </h2>
  <h2>
    Network
  </h2>
  <h2>
    Stand by Me
  </h2>
  <h2>
    The Wizard of Oz
  </h2>
  <h2>
    The Incredibles
  </h2>
  <h2>
    Hachi: A Dog's Tale
  </h2>
  <h2>
    My Father and My Son
  </h2>
  <h2>
    Into the Wild
  </h2>
  <h2>
    The Handmaiden
  </h2>
  <h2>
    To Be or Not to Be
  </h2>
  <h2>
    The Sound of Music
  </h2>
  <h2>
    The Grapes of Wrath
  </h2>
  <h2>
    The Battle of Algiers
  </h2>
  <h2>
    Groundhog Day
  </h2>
  <h2>
    Amores Perros
  </h2>
  <h2>
    Rebecca
  </h2>
  <h2>
    Cool Hand Luke
  </h2>
  <h2>
    The Iron Giant
  </h2>
  <h2>
    The Help
  </h2>
  <h2>
    It Happened One Night
  </h2>
  <h2>
    Dances with Wolves
  </h2>
  <h2>
    The 400 Blows
  </h2>
  <h2>
    Drishyam
  </h2>
</DocumentFragment>
`;
